:tmp/func-with-required-units.js,/h/work/grunt-gumup/test/fixtures/third-party/third-lib.js,/h/work/grunt-gumup/test/fixtures/third-party/second-lib.js,/h/work/grunt-gumup/test/fixtures/sample/baz.js,/h/work/grunt-gumup/test/fixtures/third-party/first-lib.js,/h/work/grunt-gumup/test/fixtures/sample/lib/first.js,/h/work/grunt-gumup/test/fixtures/sample/bar.js,/h/work/grunt-gumup/test/fixtures/sample/util/qux.js,/h/work/grunt-gumup/test/fixtures/sample/foo.js,/h/work/grunt-gumup/test/fixtures/sample/main.js:tmp/func-without-required-units.js,/h/work/grunt-gumup/test/fixtures/third-party/third-lib.js,/h/work/grunt-gumup/test/fixtures/third-party/second-lib.js,/h/work/grunt-gumup/test/fixtures/sample/baz.js,/h/work/grunt-gumup/test/fixtures/third-party/first-lib.js,/h/work/grunt-gumup/test/fixtures/sample/lib/first.js,/h/work/grunt-gumup/test/fixtures/sample/bar.js,/h/work/grunt-gumup/test/fixtures/sample/foo.js,/h/work/grunt-gumup/test/fixtures/sample/main.js